// Jest Snapshot v1, https://goo.gl/fbAQLP

exports[`LighthouseStringifyExtension crates a valid desktop script 1`] = `
"const fs = require('fs');
const lhApi = require('lighthouse/lighthouse-core/fraggle-rock/api.js');
const config = require('lighthouse/lighthouse-core/config/desktop-config.js');
const puppeteer = require('puppeteer'); // v13.0.0 or later

(async () => {
  const browser = await puppeteer.launch();
  const page = await browser.newPage();
  const timeout = 5000;
  page.setDefaultTimeout(timeout);

  const lhFlow = await lhApi.startFlow(page, {name: 'web.dev', config, configContext: {\\"settingsOverrides\\":{\\"screenEmulation\\":{\\"disabled\\":true}}}});
  {
    const targetPage = page;
    await targetPage.setViewport({\\"width\\":990,\\"height\\":900})
  }
  await lhFlow.startNavigation();
  {
    const targetPage = page;
    const promises = [];
    promises.push(targetPage.waitForNavigation());
    await targetPage.goto(\\"https://web.dev/\\");
    await Promise.all(promises);
  }
  await lhFlow.endNavigation();
  await lhFlow.startTimespan();
  {
    const targetPage = page;
    const element = await waitForSelectors([[\\"#sub-newsletter\\"]], targetPage, { timeout, visible: true });
    await scrollIntoViewIfNeeded(element, timeout);
    await element.click({
      offset: {
        x: 9,
        y: 9.671875,
      },
    });
  }
  {
    const targetPage = page;
    const element = await waitForSelectors([[\\"#sub-pii-spii\\"]], targetPage, { timeout, visible: true });
    await scrollIntoViewIfNeeded(element, timeout);
    await element.click({
      offset: {
        x: 8,
        y: 13.3203125,
      },
    });
  }
  {
    const targetPage = page;
    const element = await waitForSelectors([[\\"aria/First Name\\"],[\\"#sub-firstname\\"]], targetPage, { timeout, visible: true });
    await scrollIntoViewIfNeeded(element, timeout);
    await element.click({
      offset: {
        x: 182.859375,
        y: 36.25,
      },
    });
  }
  await lhFlow.endTimespan();
  await lhFlow.startNavigation();
  {
    const targetPage = page;
    const promises = [];
    promises.push(targetPage.waitForNavigation());
    const element = await waitForSelectors([[\\"#main > div > div:nth-child(5) > div > div.headline.all-center.flow > div > a\\"]], targetPage, { timeout, visible: true });
    await scrollIntoViewIfNeeded(element, timeout);
    await element.click({
      offset: {
        x: 25.703125,
        y: 15.3515625,
      },
    });
    await Promise.all(promises);
  }
  await lhFlow.endNavigation();
  const lhFlowReport = await lhFlow.generateReport();
  fs.writeFileSync(__dirname + '/flow.report.html', lhFlowReport)

  await browser.close();

  async function waitForSelectors(selectors, frame, options) {
    for (const selector of selectors) {
      try {
        return await waitForSelector(selector, frame, options);
      } catch (err) {
        console.error(err);
      }
    }
    throw new Error('Could not find element for selectors: ' + JSON.stringify(selectors));
  }

  async function scrollIntoViewIfNeeded(element, timeout) {
    await waitForConnected(element, timeout);
    const isInViewport = await element.isIntersectingViewport({threshold: 0});
    if (isInViewport) {
      return;
    }
    await element.evaluate(element => {
      element.scrollIntoView({
        block: 'center',
        inline: 'center',
        behavior: 'auto',
      });
    });
    await waitForInViewport(element, timeout);
  }

  async function waitForConnected(element, timeout) {
    await waitForFunction(async () => {
      return await element.getProperty('isConnected');
    }, timeout);
  }

  async function waitForInViewport(element, timeout) {
    await waitForFunction(async () => {
      return await element.isIntersectingViewport({threshold: 0});
    }, timeout);
  }

  async function waitForSelector(selector, frame, options) {
    if (!Array.isArray(selector)) {
      selector = [selector];
    }
    if (!selector.length) {
      throw new Error('Empty selector provided to waitForSelector');
    }
    let element = null;
    for (let i = 0; i < selector.length; i++) {
      const part = selector[i];
      if (element) {
        element = await element.waitForSelector(part, options);
      } else {
        element = await frame.waitForSelector(part, options);
      }
      if (!element) {
        throw new Error('Could not find element: ' + selector.join('>>'));
      }
      if (i < selector.length - 1) {
        element = (await element.evaluateHandle(el => el.shadowRoot ? el.shadowRoot : el)).asElement();
      }
    }
    if (!element) {
      throw new Error('Could not find element: ' + selector.join('|'));
    }
    return element;
  }

  async function waitForElement(step, frame, timeout) {
    const count = step.count || 1;
    const operator = step.operator || '>=';
    const comp = {
      '==': (a, b) => a === b,
      '>=': (a, b) => a >= b,
      '<=': (a, b) => a <= b,
    };
    const compFn = comp[operator];
    await waitForFunction(async () => {
      const elements = await querySelectorsAll(step.selectors, frame);
      return compFn(elements.length, count);
    }, timeout);
  }

  async function querySelectorsAll(selectors, frame) {
    for (const selector of selectors) {
      const result = await querySelectorAll(selector, frame);
      if (result.length) {
        return result;
      }
    }
    return [];
  }

  async function querySelectorAll(selector, frame) {
    if (!Array.isArray(selector)) {
      selector = [selector];
    }
    if (!selector.length) {
      throw new Error('Empty selector provided to querySelectorAll');
    }
    let elements = [];
    for (let i = 0; i < selector.length; i++) {
      const part = selector[i];
      if (i === 0) {
        elements = await frame.$$(part);
      } else {
        const tmpElements = elements;
        elements = [];
        for (const el of tmpElements) {
          elements.push(...(await el.$$(part)));
        }
      }
      if (elements.length === 0) {
        return [];
      }
      if (i < selector.length - 1) {
        const tmpElements = [];
        for (const el of elements) {
          const newEl = (await el.evaluateHandle(el => el.shadowRoot ? el.shadowRoot : el)).asElement();
          if (newEl) {
            tmpElements.push(newEl);
          }
        }
        elements = tmpElements;
      }
    }
    return elements;
  }

  async function waitForFunction(fn, timeout) {
    let isActive = true;
    setTimeout(() => {
      isActive = false;
    }, timeout);
    while (isActive) {
      const result = await fn();
      if (result) {
        return;
      }
      await new Promise(resolve => setTimeout(resolve, 100));
    }
    throw new Error('Timed out');
  }
})();
"
`;
